// Jest Snapshot v1, https://goo.gl/fbAQLP

exports[`<Menu /> should match snapshot 1`] = `
.c0 {
  display: -webkit-box;
  display: -webkit-flex;
  display: -ms-flexbox;
  display: flex;
  -webkit-box-pack: justify;
  -webkit-justify-content: space-between;
  -ms-flex-pack: justify;
  justify-content: space-between;
  -webkit-align-items: center;
  -webkit-box-align: center;
  -ms-flex-align: center;
  align-items: center;
}

.c1 {
  background: transparent;
  border: none;
  cursor: pointer;
  padding: 0.8rem;
  color: white;
  position: relative;
}

<div>
  <nav
    class="c0"
  >
    <button
      class="c1"
    >
      <img
        class=""
        src="/assets/images/menu-light.png"
      />
    </button>
    <button
      class="c1"
    >
      <img
        class=""
        src="/assets/images/short-logo-light.png"
      />
    </button>
    <button
      class="c1"
    >
      <img
        class=""
        src="/assets/images/cart-light.png"
      />
    </button>
  </nav>
</div>
`;
